// Jest Snapshot v1, https://goo.gl/fbAQLP

exports[`PaymentAndShipping renders properly 1`] = `
<RCTSafeAreaView
  emulateUnlessSupported={true}
  style={
    Object {
      "flex": 1,
    }
  }
>
  <View
    style={
      Array [
        Object {
          "display": "flex",
        },
        Object {
          "flex": 1,
        },
      ]
    }
  >
    <RCTScrollView
      ItemSeparatorComponent={[Function]}
      ListFooterComponent={[Function]}
      data={
        Array [
          "Header",
          "Delivery address",
          "Billing address",
          "Payment information",
        ]
      }
      disableVirtualization={false}
      getItem={[Function]}
      getItemCount={[Function]}
      horizontal={false}
      initialNumToRender={10}
      keyExtractor={[Function]}
      maxToRenderPerBatch={10}
      numColumns={1}
      onContentSizeChange={[Function]}
      onEndReachedThreshold={2}
      onLayout={[Function]}
      onMomentumScrollEnd={[Function]}
      onScroll={[Function]}
      onScrollBeginDrag={[Function]}
      onScrollEndDrag={[Function]}
      removeClippedSubviews={false}
      renderItem={[Function]}
      scrollEventThrottle={50}
      stickyHeaderIndices={Array []}
      updateCellsBatchingPeriod={50}
      viewabilityConfigCallbackPairs={Array []}
      windowSize={21}
    >
      <View>
        <View
          onLayout={[Function]}
          style={null}
        >
          <View
            mt={100}
            px={2}
            style={
              Array [
                Object {
                  "marginTop": 100,
                  "paddingLeft": 20,
                  "paddingRight": 20,
                },
              ]
            }
          >
            <Text
              color="#000"
              fontFamily="ProximaNova-Medium"
              fontSize={24}
              lineHeight={32}
              size="3"
              style={
                Array [
                  Object {
                    "color": "#000",
                    "fontFamily": "ProximaNova-Medium",
                    "fontSize": 24,
                    "lineHeight": 32,
                  },
                ]
              }
            >
              Payment & shipping
            </Text>
          </View>
          <View
            mb={3}
            style={
              Array [
                Object {
                  "marginBottom": 30,
                },
              ]
            }
          />
        </View>
        <View
          onLayout={[Function]}
          style={null}
        >
          <View
            px={2}
            style={
              Array [
                Object {
                  "paddingLeft": 20,
                  "paddingRight": 20,
                },
              ]
            }
          >
            <Text
              color="#000"
              fontFamily="ProximaNova-Medium"
              fontSize={18}
              lineHeight={20}
              size="2"
              style={
                Array [
                  Object {
                    "color": "#000",
                    "fontFamily": "ProximaNova-Medium",
                    "fontSize": 18,
                    "lineHeight": 20,
                  },
                ]
              }
            >
              Delivery address
            </Text>
            <View
              mb={1}
              style={
                Array [
                  Object {
                    "marginBottom": 10,
                  },
                ]
              }
            />
            <View
              style={
                Array [
                  Object {},
                  Object {
                    "height": 56,
                  },
                ]
              }
            >
              <TextInput
                allowFontScaling={true}
                autoCapitalize="none"
                onChangeText={[Function]}
                placeholder="Address"
                placeholderTextColor="#7F7F7F"
                rejectResponderTermination={true}
                style={
                  Array [
                    Object {
                      "borderRadius": 8,
                      "borderWidth": 1,
                      "flexBasis": 0,
                      "flexGrow": 2,
                      "flexShrink": 1,
                      "fontFamily": "ProximaNova-Medium",
                      "fontSize": 18,
                      "height": 56,
                      "lineHeight": 20,
                      "paddingLeft": 15,
                      "paddingRight": 15,
                    },
                    Object {
                      "backgroundColor": "rgba(255, 255, 255, 1)",
                      "borderColor": "rgba(127, 127, 127, 1)",
                      "color": "rgba(127, 127, 127, 1)",
                    },
                  ]
                }
                underlineColorAndroid="transparent"
                value=""
              />
            </View>
            <View
              mb={1}
              style={
                Array [
                  Object {
                    "marginBottom": 10,
                  },
                ]
              }
            />
            <View
              flexDirection="row"
              flexWrap="nowrap"
              justifyContent="space-between"
              style={
                Array [
                  Object {
                    "display": "flex",
                    "flexDirection": "row",
                    "flexWrap": "nowrap",
                    "justifyContent": "space-between",
                  },
                ]
              }
            >
              <View
                style={
                  Array [
                    Object {},
                    Object {
                      "height": 56,
                    },
                  ]
                }
              >
                <TextInput
                  allowFontScaling={true}
                  autoCapitalize="none"
                  onChangeText={[Function]}
                  placeholder="Unit"
                  placeholderTextColor="#7F7F7F"
                  rejectResponderTermination={true}
                  style={
                    Array [
                      Object {
                        "borderRadius": 8,
                        "borderWidth": 1,
                        "flexBasis": 0,
                        "flexGrow": 2,
                        "flexShrink": 1,
                        "fontFamily": "ProximaNova-Medium",
                        "fontSize": 18,
                        "height": 56,
                        "lineHeight": 20,
                        "paddingLeft": 15,
                        "paddingRight": 15,
                      },
                      Object {
                        "backgroundColor": "rgba(255, 255, 255, 1)",
                        "borderColor": "rgba(127, 127, 127, 1)",
                        "color": "rgba(127, 127, 127, 1)",
                      },
                    ]
                  }
                  underlineColorAndroid="transparent"
                  value=""
                />
              </View>
              <View
                ml={1}
                style={
                  Array [
                    Object {
                      "marginLeft": 10,
                    },
                  ]
                }
              />
              <View
                style={
                  Array [
                    Object {},
                    Object {
                      "height": 56,
                    },
                  ]
                }
              >
                <TextInput
                  allowFontScaling={true}
                  autoCapitalize="none"
                  onChangeText={[Function]}
                  placeholder="Zipcode"
                  placeholderTextColor="#7F7F7F"
                  rejectResponderTermination={true}
                  style={
                    Array [
                      Object {
                        "borderRadius": 8,
                        "borderWidth": 1,
                        "flexBasis": 0,
                        "flexGrow": 2,
                        "flexShrink": 1,
                        "fontFamily": "ProximaNova-Medium",
                        "fontSize": 18,
                        "height": 56,
                        "lineHeight": 20,
                        "paddingLeft": 15,
                        "paddingRight": 15,
                      },
                      Object {
                        "backgroundColor": "rgba(255, 255, 255, 1)",
                        "borderColor": "rgba(127, 127, 127, 1)",
                        "color": "rgba(127, 127, 127, 1)",
                      },
                    ]
                  }
                  underlineColorAndroid="transparent"
                  value=""
                />
              </View>
            </View>
            <View
              mb={1}
              style={
                Array [
                  Object {
                    "marginBottom": 10,
                  },
                ]
              }
            />
            <View
              flexDirection="row"
              flexWrap="nowrap"
              justifyContent="space-between"
              style={
                Array [
                  Object {
                    "display": "flex",
                    "flexDirection": "row",
                    "flexWrap": "nowrap",
                    "justifyContent": "space-between",
                  },
                ]
              }
            >
              <View
                style={
                  Array [
                    Object {},
                    Object {
                      "height": 56,
                    },
                  ]
                }
              >
                <TextInput
                  allowFontScaling={true}
                  autoCapitalize="none"
                  onChangeText={[Function]}
                  placeholder="City"
                  placeholderTextColor="#7F7F7F"
                  rejectResponderTermination={true}
                  style={
                    Array [
                      Object {
                        "borderRadius": 8,
                        "borderWidth": 1,
                        "flexBasis": 0,
                        "flexGrow": 2,
                        "flexShrink": 1,
                        "fontFamily": "ProximaNova-Medium",
                        "fontSize": 18,
                        "height": 56,
                        "lineHeight": 20,
                        "paddingLeft": 15,
                        "paddingRight": 15,
                      },
                      Object {
                        "backgroundColor": "rgba(255, 255, 255, 1)",
                        "borderColor": "rgba(127, 127, 127, 1)",
                        "color": "rgba(127, 127, 127, 1)",
                      },
                    ]
                  }
                  underlineColorAndroid="transparent"
                  value=""
                />
              </View>
              <View
                ml={1}
                style={
                  Array [
                    Object {
                      "marginLeft": 10,
                    },
                  ]
                }
              />
              <View
                style={
                  Array [
                    Object {},
                    Object {
                      "height": 56,
                    },
                  ]
                }
              >
                <TextInput
                  allowFontScaling={true}
                  autoCapitalize="none"
                  onChangeText={[Function]}
                  placeholder="State"
                  placeholderTextColor="#7F7F7F"
                  rejectResponderTermination={true}
                  style={
                    Array [
                      Object {
                        "borderRadius": 8,
                        "borderWidth": 1,
                        "flexBasis": 0,
                        "flexGrow": 2,
                        "flexShrink": 1,
                        "fontFamily": "ProximaNova-Medium",
                        "fontSize": 18,
                        "height": 56,
                        "lineHeight": 20,
                        "paddingLeft": 15,
                        "paddingRight": 15,
                      },
                      Object {
                        "backgroundColor": "rgba(255, 255, 255, 1)",
                        "borderColor": "rgba(127, 127, 127, 1)",
                        "color": "rgba(127, 127, 127, 1)",
                      },
                    ]
                  }
                  underlineColorAndroid="transparent"
                  value=""
                />
              </View>
            </View>
          </View>
          <View
            mb={3}
            style={
              Array [
                Object {
                  "marginBottom": 30,
                },
              ]
            }
          />
        </View>
        <View
          onLayout={[Function]}
          style={null}
        >
          <View
            px={2}
            style={
              Array [
                Object {
                  "paddingLeft": 20,
                  "paddingRight": 20,
                },
              ]
            }
          >
            <Text
              color="#000"
              fontFamily="ProximaNova-Medium"
              fontSize={18}
              lineHeight={20}
              size="2"
              style={
                Array [
                  Object {
                    "color": "#000",
                    "fontFamily": "ProximaNova-Medium",
                    "fontSize": 18,
                    "lineHeight": 20,
                  },
                ]
              }
            >
              Billing address
            </Text>
            <View
              mb={2}
              style={
                Array [
                  Object {
                    "marginBottom": 20,
                  },
                ]
              }
            />
            <View
              alignItems="center"
              flexDirection="row"
              style={
                Array [
                  Object {
                    "alignItems": "center",
                    "display": "flex",
                    "flexDirection": "row",
                  },
                ]
              }
            >
              <View
                accessible={true}
                alignItems="center"
                onResponderGrant={[Function]}
                onResponderMove={[Function]}
                onResponderRelease={[Function]}
                onResponderTerminate={[Function]}
                onResponderTerminationRequest={[Function]}
                onStartShouldSetResponder={[Function]}
                selected={false}
                style={
                  Array [
                    Object {
                      "alignItems": "flex-start",
                      "display": "flex",
                    },
                  ]
                }
              >
                <View
                  border={1}
                  mr={1}
                  role="presentation"
                  selected={false}
                  style={
                    Array [
                      Object {
                        "borderColor": "#7F7F7F",
                        "borderRadius": 100,
                        "borderStyle": "solid",
                        "borderWidth": 1,
                        "height": 24,
                        "marginRight": 10,
                        "minHeight": 24,
                        "minWidth": 24,
                        "width": 24,
                      },
                    ]
                  }
                />
              </View>
              <View
                alignItems="center"
                flexDirection="row"
                ml={1}
                style={
                  Array [
                    Object {
                      "alignItems": "center",
                      "display": "flex",
                      "flexDirection": "row",
                      "marginLeft": 10,
                    },
                  ]
                }
              >
                <Text
                  color="#000"
                  fontFamily="ProximaNova-Medium"
                  fontSize={18}
                  lineHeight={20}
                  size="2"
                  style={
                    Array [
                      Object {
                        "color": "#000",
                        "fontFamily": "ProximaNova-Medium",
                        "fontSize": 18,
                        "lineHeight": 20,
                      },
                    ]
                  }
                >
                  Same as Delivery Address
                </Text>
              </View>
            </View>
            <View
              mb={2}
              style={
                Array [
                  Object {
                    "marginBottom": 20,
                  },
                ]
              }
            />
            <View
              style={
                Array [
                  Object {},
                  Object {
                    "height": 56,
                  },
                ]
              }
            >
              <TextInput
                allowFontScaling={true}
                autoCapitalize="none"
                onChangeText={[Function]}
                placeholder="Address"
                placeholderTextColor="#7F7F7F"
                rejectResponderTermination={true}
                style={
                  Array [
                    Object {
                      "borderRadius": 8,
                      "borderWidth": 1,
                      "flexBasis": 0,
                      "flexGrow": 2,
                      "flexShrink": 1,
                      "fontFamily": "ProximaNova-Medium",
                      "fontSize": 18,
                      "height": 56,
                      "lineHeight": 20,
                      "paddingLeft": 15,
                      "paddingRight": 15,
                    },
                    Object {
                      "backgroundColor": "rgba(255, 255, 255, 1)",
                      "borderColor": "rgba(127, 127, 127, 1)",
                      "color": "rgba(127, 127, 127, 1)",
                    },
                  ]
                }
                underlineColorAndroid="transparent"
                value=""
              />
            </View>
            <View
              mb={1}
              style={
                Array [
                  Object {
                    "marginBottom": 10,
                  },
                ]
              }
            />
            <View
              flexDirection="row"
              flexWrap="nowrap"
              justifyContent="space-between"
              style={
                Array [
                  Object {
                    "display": "flex",
                    "flexDirection": "row",
                    "flexWrap": "nowrap",
                    "justifyContent": "space-between",
                  },
                ]
              }
            >
              <View
                style={
                  Array [
                    Object {},
                    Object {
                      "height": 56,
                    },
                  ]
                }
              >
                <TextInput
                  allowFontScaling={true}
                  autoCapitalize="none"
                  onChangeText={[Function]}
                  placeholder="Unit"
                  placeholderTextColor="#7F7F7F"
                  rejectResponderTermination={true}
                  style={
                    Array [
                      Object {
                        "borderRadius": 8,
                        "borderWidth": 1,
                        "flexBasis": 0,
                        "flexGrow": 2,
                        "flexShrink": 1,
                        "fontFamily": "ProximaNova-Medium",
                        "fontSize": 18,
                        "height": 56,
                        "lineHeight": 20,
                        "paddingLeft": 15,
                        "paddingRight": 15,
                      },
                      Object {
                        "backgroundColor": "rgba(255, 255, 255, 1)",
                        "borderColor": "rgba(127, 127, 127, 1)",
                        "color": "rgba(127, 127, 127, 1)",
                      },
                    ]
                  }
                  underlineColorAndroid="transparent"
                  value=""
                />
              </View>
              <View
                ml={1}
                style={
                  Array [
                    Object {
                      "marginLeft": 10,
                    },
                  ]
                }
              />
              <View
                style={
                  Array [
                    Object {},
                    Object {
                      "height": 56,
                    },
                  ]
                }
              >
                <TextInput
                  allowFontScaling={true}
                  autoCapitalize="none"
                  onChangeText={[Function]}
                  placeholder="Zipcode"
                  placeholderTextColor="#7F7F7F"
                  rejectResponderTermination={true}
                  style={
                    Array [
                      Object {
                        "borderRadius": 8,
                        "borderWidth": 1,
                        "flexBasis": 0,
                        "flexGrow": 2,
                        "flexShrink": 1,
                        "fontFamily": "ProximaNova-Medium",
                        "fontSize": 18,
                        "height": 56,
                        "lineHeight": 20,
                        "paddingLeft": 15,
                        "paddingRight": 15,
                      },
                      Object {
                        "backgroundColor": "rgba(255, 255, 255, 1)",
                        "borderColor": "rgba(127, 127, 127, 1)",
                        "color": "rgba(127, 127, 127, 1)",
                      },
                    ]
                  }
                  underlineColorAndroid="transparent"
                  value=""
                />
              </View>
            </View>
            <View
              mb={1}
              style={
                Array [
                  Object {
                    "marginBottom": 10,
                  },
                ]
              }
            />
            <View
              flexDirection="row"
              flexWrap="nowrap"
              justifyContent="space-between"
              style={
                Array [
                  Object {
                    "display": "flex",
                    "flexDirection": "row",
                    "flexWrap": "nowrap",
                    "justifyContent": "space-between",
                  },
                ]
              }
            >
              <View
                style={
                  Array [
                    Object {},
                    Object {
                      "height": 56,
                    },
                  ]
                }
              >
                <TextInput
                  allowFontScaling={true}
                  autoCapitalize="none"
                  onChangeText={[Function]}
                  placeholder="City"
                  placeholderTextColor="#7F7F7F"
                  rejectResponderTermination={true}
                  style={
                    Array [
                      Object {
                        "borderRadius": 8,
                        "borderWidth": 1,
                        "flexBasis": 0,
                        "flexGrow": 2,
                        "flexShrink": 1,
                        "fontFamily": "ProximaNova-Medium",
                        "fontSize": 18,
                        "height": 56,
                        "lineHeight": 20,
                        "paddingLeft": 15,
                        "paddingRight": 15,
                      },
                      Object {
                        "backgroundColor": "rgba(255, 255, 255, 1)",
                        "borderColor": "rgba(127, 127, 127, 1)",
                        "color": "rgba(127, 127, 127, 1)",
                      },
                    ]
                  }
                  underlineColorAndroid="transparent"
                  value=""
                />
              </View>
              <View
                ml={1}
                style={
                  Array [
                    Object {
                      "marginLeft": 10,
                    },
                  ]
                }
              />
              <View
                style={
                  Array [
                    Object {},
                    Object {
                      "height": 56,
                    },
                  ]
                }
              >
                <TextInput
                  allowFontScaling={true}
                  autoCapitalize="none"
                  onChangeText={[Function]}
                  placeholder="State"
                  placeholderTextColor="#7F7F7F"
                  rejectResponderTermination={true}
                  style={
                    Array [
                      Object {
                        "borderRadius": 8,
                        "borderWidth": 1,
                        "flexBasis": 0,
                        "flexGrow": 2,
                        "flexShrink": 1,
                        "fontFamily": "ProximaNova-Medium",
                        "fontSize": 18,
                        "height": 56,
                        "lineHeight": 20,
                        "paddingLeft": 15,
                        "paddingRight": 15,
                      },
                      Object {
                        "backgroundColor": "rgba(255, 255, 255, 1)",
                        "borderColor": "rgba(127, 127, 127, 1)",
                        "color": "rgba(127, 127, 127, 1)",
                      },
                    ]
                  }
                  underlineColorAndroid="transparent"
                  value=""
                />
              </View>
            </View>
          </View>
          <View
            mb={3}
            style={
              Array [
                Object {
                  "marginBottom": 30,
                },
              ]
            }
          />
        </View>
        <View
          onLayout={[Function]}
          style={null}
        >
          <View
            px={2}
            style={
              Array [
                Object {
                  "paddingLeft": 20,
                  "paddingRight": 20,
                },
              ]
            }
          >
            <Text
              color="#000"
              fontFamily="ProximaNova-Medium"
              fontSize={18}
              lineHeight={20}
              size="2"
              style={
                Array [
                  Object {
                    "color": "#000",
                    "fontFamily": "ProximaNova-Medium",
                    "fontSize": 18,
                    "lineHeight": 20,
                  },
                ]
              }
            >
              Payment information
            </Text>
            <View
              mb={1}
              style={
                Array [
                  Object {
                    "marginBottom": 10,
                  },
                ]
              }
            />
            <View
              style={
                Array [
                  Object {},
                  Object {
                    "height": 56,
                  },
                ]
              }
            >
              <TextInput
                allowFontScaling={true}
                autoCapitalize="none"
                onChangeText={[Function]}
                placeholder="Full name"
                placeholderTextColor="#7F7F7F"
                rejectResponderTermination={true}
                style={
                  Array [
                    Object {
                      "borderRadius": 8,
                      "borderWidth": 1,
                      "flexBasis": 0,
                      "flexGrow": 2,
                      "flexShrink": 1,
                      "fontFamily": "ProximaNova-Medium",
                      "fontSize": 18,
                      "height": 56,
                      "lineHeight": 20,
                      "paddingLeft": 15,
                      "paddingRight": 15,
                    },
                    Object {
                      "backgroundColor": "rgba(255, 255, 255, 1)",
                      "borderColor": "rgba(127, 127, 127, 1)",
                      "color": "rgba(127, 127, 127, 1)",
                    },
                  ]
                }
                underlineColorAndroid="transparent"
                value=""
              />
            </View>
            <View
              mb={1}
              style={
                Array [
                  Object {
                    "marginBottom": 10,
                  },
                ]
              }
            />
            <View
              style={
                Array [
                  Object {},
                  Object {
                    "height": 56,
                  },
                ]
              }
            >
              <TextInput
                allowFontScaling={true}
                autoCapitalize="none"
                onChangeText={[Function]}
                placeholder="Card number"
                placeholderTextColor="#7F7F7F"
                rejectResponderTermination={true}
                style={
                  Array [
                    Object {
                      "borderRadius": 8,
                      "borderWidth": 1,
                      "flexBasis": 0,
                      "flexGrow": 2,
                      "flexShrink": 1,
                      "fontFamily": "ProximaNova-Medium",
                      "fontSize": 18,
                      "height": 56,
                      "lineHeight": 20,
                      "paddingLeft": 15,
                      "paddingRight": 15,
                    },
                    Object {
                      "backgroundColor": "rgba(255, 255, 255, 1)",
                      "borderColor": "rgba(127, 127, 127, 1)",
                      "color": "rgba(127, 127, 127, 1)",
                    },
                  ]
                }
                underlineColorAndroid="transparent"
                value=""
              />
            </View>
            <View
              mb={1}
              style={
                Array [
                  Object {
                    "marginBottom": 10,
                  },
                ]
              }
            />
            <View
              flexDirection="row"
              flexWrap="nowrap"
              justifyContent="space-between"
              style={
                Array [
                  Object {
                    "display": "flex",
                    "flexDirection": "row",
                    "flexWrap": "nowrap",
                    "justifyContent": "space-between",
                  },
                ]
              }
            >
              <View
                style={
                  Array [
                    Object {},
                    Object {
                      "height": 56,
                    },
                  ]
                }
              >
                <TextInput
                  allowFontScaling={true}
                  autoCapitalize="none"
                  onChangeText={[Function]}
                  placeholder="Expiration date"
                  placeholderTextColor="#7F7F7F"
                  rejectResponderTermination={true}
                  style={
                    Array [
                      Object {
                        "borderRadius": 8,
                        "borderWidth": 1,
                        "flexBasis": 0,
                        "flexGrow": 2,
                        "flexShrink": 1,
                        "fontFamily": "ProximaNova-Medium",
                        "fontSize": 18,
                        "height": 56,
                        "lineHeight": 20,
                        "paddingLeft": 15,
                        "paddingRight": 15,
                      },
                      Object {
                        "backgroundColor": "rgba(255, 255, 255, 1)",
                        "borderColor": "rgba(127, 127, 127, 1)",
                        "color": "rgba(127, 127, 127, 1)",
                      },
                    ]
                  }
                  underlineColorAndroid="transparent"
                  value=""
                />
              </View>
              <View
                ml={1}
                style={
                  Array [
                    Object {
                      "marginLeft": 10,
                    },
                  ]
                }
              />
              <View
                style={
                  Array [
                    Object {},
                    Object {
                      "height": 56,
                    },
                  ]
                }
              >
                <TextInput
                  allowFontScaling={true}
                  autoCapitalize="none"
                  onChangeText={[Function]}
                  placeholder="Zipcode"
                  placeholderTextColor="#7F7F7F"
                  rejectResponderTermination={true}
                  style={
                    Array [
                      Object {
                        "borderRadius": 8,
                        "borderWidth": 1,
                        "flexBasis": 0,
                        "flexGrow": 2,
                        "flexShrink": 1,
                        "fontFamily": "ProximaNova-Medium",
                        "fontSize": 18,
                        "height": 56,
                        "lineHeight": 20,
                        "paddingLeft": 15,
                        "paddingRight": 15,
                      },
                      Object {
                        "backgroundColor": "rgba(255, 255, 255, 1)",
                        "borderColor": "rgba(127, 127, 127, 1)",
                        "color": "rgba(127, 127, 127, 1)",
                      },
                    ]
                  }
                  underlineColorAndroid="transparent"
                  value=""
                />
              </View>
            </View>
          </View>
        </View>
        <View
          onLayout={[Function]}
        >
          <View
            mb={100}
            style={
              Array [
                Object {
                  "marginBottom": 100,
                },
              ]
            }
          />
        </View>
      </View>
    </RCTScrollView>
    <View
      px={2}
      style={
        Array [
          Object {
            "bottom": 10,
            "paddingLeft": 20,
            "paddingRight": 20,
            "position": "absolute",
          },
        ]
      }
    >
      <View
        accessible={true}
        flexDirection="row"
        onResponderGrant={[Function]}
        onResponderMove={[Function]}
        onResponderRelease={[Function]}
        onResponderTerminate={[Function]}
        onResponderTerminationRequest={[Function]}
        onStartShouldSetResponder={[Function]}
        style={
          Array [
            Object {
              "display": "flex",
              "flexDirection": "row",
            },
          ]
        }
      >
        <View
          onPress={[Function]}
          px={5}
          size="large"
          style={
            Array [
              Object {
                "alignItems": "center",
                "borderRadius": 28,
                "borderWidth": 1,
                "justifyContent": "center",
                "paddingLeft": 5,
                "paddingRight": 5,
                "position": "relative",
                "width": "100%",
              },
              Object {
                "backgroundColor": "rgba(0, 0, 0, 1)",
                "borderColor": "rgba(0, 0, 0, 1)",
                "color": "rgba(255, 255, 255, 1)",
                "height": 55,
              },
            ]
          }
          theme={
            Object {
              "borders": Array [
                "1px solid",
                "2px solid",
              ],
              "colors": Object {
                "black": "#000",
                "blue": "#2B50DF",
                "darkGray": "#303030",
                "gray": "#7F7F7F",
                "green": "#44524A",
                "lightGray": "#DFDFDF",
                "lightGreen": "#989F9B",
                "white": "#fff",
              },
              "fontFamily": Object {
                "display": Object {
                  "regular": "Apercu-Mono",
                },
                "sans": Object {
                  "bold": "ProximaNova-Bold",
                  "medium": "ProximaNova-Medium",
                  "thin": "ProximaNovaT-Thin",
                },
              },
              "space": Object {
                "0.3": 3,
                "0.5": 5,
                "1": 10,
                "12": 120,
                "18": 180,
                "2": 20,
                "3": 30,
                "4": 40,
                "6": 60,
                "9": 90,
              },
              "typeSizes": Object {
                "0": Object {
                  "fontSize": 14,
                  "lineHeight": 20,
                },
                "1": Object {
                  "fontSize": 16,
                  "lineHeight": 24,
                },
                "2": Object {
                  "fontSize": 18,
                  "lineHeight": 20,
                },
                "3": Object {
                  "fontSize": 24,
                  "lineHeight": 32,
                },
                "4": Object {
                  "fontSize": 40,
                  "lineHeight": 40,
                },
              },
            }
          }
          variant="primaryDark"
        >
          <Text
            color="#fff"
            fontFamily="ProximaNova-Medium"
            fontSize={16}
            lineHeight={24}
            size="1"
            style={
              Array [
                Object {
                  "color": "#fff",
                  "fontFamily": "ProximaNova-Medium",
                  "fontSize": 16,
                  "lineHeight": 24,
                },
              ]
            }
          >
            Done
          </Text>
        </View>
      </View>
    </View>
  </View>
</RCTSafeAreaView>
`;
